// Jest Snapshot v1, https://goo.gl/fbAQLP

exports[`Home page matches snapshot 1`] = `
<DocumentFragment>
  <div
    class="antialiased text-gray-900 flex items-center justify-center min-h-screen"
  >
    <div>
      <h1
        class="text-5xl font-bold text-purple-500"
      >
        Hello world!
      </h1>
    </div>
  </div>
</DocumentFragment>
`;
